\BOOKMARK [1][-]{section.1}{\376\377\000P\000r\000o\000d\000u\000c\000t\000i\000v\000i\000t\000y\000\040\000B\000o\000u\000n\000d\000a\000r\000y\000\040\000a\000n\000d\000\040\000R\000e\000s\000e\000a\000r\000c\000h\000\040\000S\000c\000o\000p\000e}{}% 1
\BOOKMARK [1][-]{section.2}{\376\377\000I\000n\000t\000r\000o\000d\000u\000c\000t\000i\000o\000n}{}% 2
\BOOKMARK [1][-]{section.3}{\376\377\000R\000e\000l\000a\000t\000e\000d\000\040\000W\000o\000r\000k\000\040\000a\000n\000d\000\040\000P\000o\000s\000i\000t\000i\000o\000n\000i\000n\000g}{}% 3
\BOOKMARK [1][-]{section.4}{\376\377\000W\000h\000e\000n\000\040\000C\000a\000n\000\040\000a\000n\000\040\000A\000g\000e\000n\000t\000\040\000S\000t\000o\000p\000\040\000R\000e\000m\000e\000m\000b\000e\000r\000i\000n\000g\000?\000\040\000A\000\040\000P\000r\000e\000-\000R\000e\000g\000i\000s\000t\000e\000r\000e\000d\000\040\000M\000e\000c\000h\000a\000n\000i\000s\000m\000\040\000S\000t\000u\000d\000y}{}% 4
\BOOKMARK [2][-]{subsection.4.1}{\376\377\000T\000h\000e\000\040\000q\000u\000e\000s\000t\000i\000o\000n}{section.4}% 5
\BOOKMARK [2][-]{subsection.4.2}{\376\377\000S\000t\000u\000d\000y\000\040\000p\000r\000o\000v\000e\000n\000a\000n\000c\000e\000\040\000a\000n\000d\000\040\000w\000h\000a\000t\000\040\000c\000h\000a\000n\000g\000e\000d\000\040\000b\000e\000t\000w\000e\000e\000n\000\040\000g\000e\000n\000e\000r\000a\000t\000i\000o\000n\000s}{section.4}% 6
\BOOKMARK [2][-]{subsection.4.3}{\376\377\000T\000h\000e\000\040\000f\000r\000o\000z\000e\000n\000\040\000a\000r\000m\000s\000\040\000a\000n\000d\000\040\000c\000l\000o\000s\000u\000r\000e\000\040\000r\000u\000l\000e\000s}{section.4}% 7
\BOOKMARK [2][-]{subsection.4.4}{\376\377\000R\000e\000s\000u\000l\000t\000s}{section.4}% 8
\BOOKMARK [2][-]{subsection.4.5}{\376\377\000P\000r\000e\000-\000s\000p\000e\000c\000i\000f\000i\000e\000d\000\040\000e\000x\000p\000l\000o\000r\000a\000t\000o\000r\000y\000\040\000a\000n\000a\000l\000y\000s\000e\000s\000\040\000\050\000p\000o\000s\000t\000-\000d\000a\000t\000a\000,\000\040\000l\000a\000b\000e\000l\000e\000d\000\040\000a\000s\000\040\000s\000u\000c\000h\000\051}{section.4}% 9
\BOOKMARK [2][-]{subsection.4.6}{\376\377\000W\000h\000a\000t\000\040\000t\000h\000e\000\040\000m\000e\000c\000h\000a\000n\000i\000s\000m\000\040\000s\000t\000u\000d\000y\000\040\000d\000o\000e\000s\000\040\000a\000n\000d\000\040\000d\000o\000e\000s\000\040\000n\000o\000t\000\040\000e\000s\000t\000a\000b\000l\000i\000s\000h}{section.4}% 10
\BOOKMARK [1][-]{section.5}{\376\377\000S\000u\000f\000f\000i\000c\000i\000e\000n\000c\000y\000\040\000o\000f\000\040\000t\000h\000e\000\040\000C\000o\000n\000v\000e\000r\000s\000i\000o\000n\000\040\000R\000u\000l\000e\000\040\000W\000i\000t\000h\000i\000n\000\040\000t\000h\000e\000\040\000M\000o\000d\000e\000l}{}% 11
\BOOKMARK [1][-]{section.6}{\376\377\000V\000e\000r\000i\000f\000i\000c\000a\000t\000i\000o\000n\000\040\000S\000u\000b\000s\000t\000r\000a\000t\000e\000\040\000a\000n\000d\000\040\000S\000e\000r\000i\000a\000l\000i\000z\000a\000t\000i\000o\000n}{}% 12
\BOOKMARK [2][-]{subsection.6.1}{\376\377\000M\000o\000d\000e\000l\000\040\000a\000n\000d\000\040\000t\000r\000u\000s\000t\000\040\000b\000o\000u\000n\000d\000a\000r\000y}{section.6}% 13
\BOOKMARK [2][-]{subsection.6.2}{\376\377\000L\000e\000a\000r\000n\000i\000n\000g\000\040\000l\000a\000y\000o\000u\000t\000s\000\040\000w\000i\000t\000h\000o\000u\000t\000\040\000c\000h\000a\000n\000g\000i\000n\000g\000\040\000t\000h\000e\000\040\000c\000o\000n\000t\000r\000a\000c\000t}{section.6}% 14
\BOOKMARK [2][-]{subsection.6.3}{\376\377\000P\000r\000a\000c\000t\000i\000c\000a\000l\000\040\000o\000n\000l\000i\000n\000e\000\040\000s\000e\000l\000e\000c\000t\000i\000o\000n\000:\000\040\000p\000r\000i\000c\000e\000\040\000t\000h\000e\000\040\000w\000i\000n\000d\000o\000w\000,\000\040\000n\000o\000t\000\040\000t\000h\000e\000\040\000p\000r\000o\000m\000i\000s\000e}{section.6}% 15
\BOOKMARK [2][-]{subsection.6.4}{\376\377\000S\000t\000a\000b\000l\000e\000\040\000e\000v\000i\000d\000e\000n\000c\000e\000\040\000t\000h\000r\000o\000u\000g\000h\000\040\000p\000e\000r\000m\000u\000t\000a\000t\000i\000o\000n\000\040\000a\000n\000d\000\040\000m\000i\000g\000r\000a\000t\000i\000o\000n}{section.6}% 16
\BOOKMARK [2][-]{subsection.6.5}{\376\377\000I\000m\000p\000l\000e\000m\000e\000n\000t\000a\000t\000i\000o\000n\000\040\000a\000n\000d\000\040\000c\000o\000s\000t\000\040\000a\000c\000c\000o\000u\000n\000t\000i\000n\000g}{section.6}% 17
\BOOKMARK [1][-]{section.7}{\376\377\000S\000e\000r\000v\000i\000c\000e\000-\000M\000a\000t\000c\000h\000e\000d\000\040\000D\000e\000l\000i\000v\000e\000r\000y\000\040\000a\000n\000d\000\040\000A\000d\000m\000i\000s\000s\000i\000o\000n}{}% 18
\BOOKMARK [2][-]{subsection.7.1}{\376\377\000D\000o\000\040\000n\000o\000t\000\040\000c\000o\000n\000f\000l\000a\000t\000e\000\040\000t\000h\000r\000e\000e\000\040\000c\000o\000n\000s\000u\000m\000e\000r\000s}{section.7}% 19
\BOOKMARK [2][-]{subsection.7.2}{\376\377\000E\000n\000c\000o\000d\000i\000n\000g\000\040\000a\000n\000d\000\040\000t\000h\000e\000\040\000s\000i\000m\000p\000l\000e\000s\000t\000\040\000s\000u\000f\000f\000i\000c\000i\000e\000n\000t\000\040\000s\000e\000r\000v\000i\000c\000e}{section.7}% 20
\BOOKMARK [2][-]{subsection.7.3}{\376\377\000A\000d\000o\000p\000t\000i\000o\000n\000\040\000c\000o\000s\000t\000\040\000i\000s\000\040\000n\000o\000t\000\040\000m\000a\000r\000g\000i\000n\000a\000l\000\040\000l\000a\000y\000o\000u\000t\000\040\000c\000o\000s\000t}{section.7}% 21
\BOOKMARK [2][-]{subsection.7.4}{\376\377\000R\000e\000m\000o\000t\000e\000\040\000m\000e\000a\000s\000u\000r\000e\000m\000e\000n\000t\000\040\000a\000n\000d\000\040\000s\000e\000c\000u\000r\000i\000t\000y\000\040\000b\000o\000u\000n\000d\000a\000r\000i\000e\000s}{section.7}% 22
\BOOKMARK [1][-]{section.8}{\376\377\000E\000v\000a\000l\000u\000a\000t\000i\000o\000n\000\040\000o\000f\000\040\000t\000h\000e\000\040\000P\000r\000a\000c\000t\000i\000c\000a\000l\000\040\000R\000e\000v\000i\000s\000i\000o\000n}{}% 23
\BOOKMARK [2][-]{subsection.8.1}{\376\377\000P\000r\000o\000v\000e\000n\000a\000n\000c\000e\000\040\000a\000n\000d\000\040\000f\000r\000o\000z\000e\000n\000\040\000q\000u\000e\000s\000t\000i\000o\000n\000s}{section.8}% 24
\BOOKMARK [2][-]{subsection.8.2}{\376\377\000P\000r\000a\000c\000t\000i\000c\000a\000l\000\040\000d\000e\000f\000a\000u\000l\000t\000\040\000w\000i\000t\000h\000o\000u\000t\000\040\000e\000x\000a\000c\000t\000\040\000o\000r\000\040\000b\000l\000o\000c\000k\000\040\000D\000P}{section.8}% 25
\BOOKMARK [2][-]{subsection.8.3}{\376\377\000S\000o\000u\000r\000c\000e\000-\000e\000v\000i\000d\000e\000n\000c\000e\000\040\000r\000e\000p\000l\000a\000y\000s\000:\000\040\000s\000i\000m\000p\000l\000i\000c\000i\000t\000y\000\040\000i\000s\000\040\000n\000o\000t\000\040\000b\000y\000t\000e\000\040\000o\000p\000t\000i\000m\000a\000l\000i\000t\000y}{section.8}% 26
\BOOKMARK [2][-]{subsection.8.4}{\376\377\000C\000o\000d\000e\000c\000-\000m\000a\000t\000c\000h\000e\000d\000\040\000d\000e\000p\000l\000o\000y\000m\000e\000n\000t\000\040\000s\000c\000e\000n\000a\000r\000i\000o\000s\000,\000\040\000n\000o\000t\000\040\000m\000e\000a\000s\000u\000r\000e\000d\000\040\000s\000p\000e\000e\000d\000u\000p\000s}{section.8}% 27
\BOOKMARK [2][-]{subsection.8.5}{\376\377\000H\000i\000s\000t\000o\000r\000i\000c\000a\000l\000\040\000c\000o\000n\000t\000r\000o\000l\000s\000\040\000r\000e\000m\000a\000i\000n\000\040\000c\000o\000n\000t\000r\000o\000l\000s}{section.8}% 28
\BOOKMARK [2][-]{subsection.8.6}{\376\377\000U\000n\000m\000e\000a\000s\000u\000r\000e\000d\000\040\000e\000n\000d\000p\000o\000i\000n\000t\000s\000\040\000a\000n\000d\000\040\000t\000e\000s\000t\000e\000d\000\040\000i\000n\000t\000e\000r\000f\000a\000c\000e\000s}{section.8}% 29
\BOOKMARK [2][-]{subsection.8.7}{\376\377\000S\000o\000f\000t\000w\000a\000r\000e\000\040\000a\000n\000d\000\040\000i\000n\000d\000e\000p\000e\000n\000d\000e\000n\000t\000\040\000a\000u\000d\000i\000t}{section.8}% 30
\BOOKMARK [1][-]{section.9}{\376\377\000D\000e\000p\000l\000o\000y\000m\000e\000n\000t\000\040\000R\000e\000c\000o\000m\000m\000e\000n\000d\000a\000t\000i\000o\000n\000,\000\040\000L\000i\000m\000i\000t\000a\000t\000i\000o\000n\000s\000,\000\040\000a\000n\000d\000\040\000t\000h\000e\000\040\000P\000r\000e\000-\000R\000e\000g\000i\000s\000t\000e\000r\000e\000d\000\040\000L\000i\000v\000e\000\040\000C\000o\000h\000o\000r\000t}{}% 31
\BOOKMARK [2][-]{subsection.9.1}{\376\377\000D\000e\000p\000l\000o\000y\000m\000e\000n\000t\000\040\000r\000e\000c\000o\000m\000m\000e\000n\000d\000a\000t\000i\000o\000n}{section.9}% 32
\BOOKMARK [1][-]{appendix.A}{\376\377\000A\000u\000d\000i\000t\000\040\000a\000n\000d\000\040\000R\000e\000p\000r\000o\000d\000u\000c\000t\000i\000o\000n}{}% 33
\BOOKMARK [2][-]{subsection.A.1}{\376\377\000E\000x\000a\000c\000t\000\040\000d\000a\000t\000a\000\040\000g\000e\000n\000e\000r\000a\000t\000i\000o\000n}{appendix.A}% 34
\BOOKMARK [2][-]{subsection.A.2}{\376\377\000S\000o\000f\000t\000w\000a\000r\000e\000\040\000a\000n\000d\000\040\000d\000a\000t\000a\000\040\000i\000d\000e\000n\000t\000i\000t\000i\000e\000s}{appendix.A}% 35
\BOOKMARK [1][-]{appendix.B}{\376\377\000C\000e\000r\000t\000i\000f\000i\000c\000a\000t\000e\000\040\000E\000n\000c\000o\000d\000i\000n\000g\000\040\000a\000n\000d\000\040\000T\000r\000u\000s\000t\000-\000B\000o\000u\000n\000d\000a\000r\000y\000\040\000D\000e\000t\000a\000i\000l\000s}{}% 36
\BOOKMARK [1][-]{appendix.C}{\376\377\000O\000p\000t\000i\000o\000n\000a\000l\000\040\000F\000i\000x\000e\000d\000-\000S\000h\000a\000r\000e\000\040\000A\000n\000a\000l\000y\000s\000i\000s\000:\000\040\000N\000o\000t\000\040\000t\000h\000e\000\040\000D\000e\000p\000l\000o\000y\000m\000e\000n\000t\000\040\000R\000e\000c\000o\000m\000m\000e\000n\000d\000a\000t\000i\000o\000n}{}% 37
\BOOKMARK [1][-]{appendix.D}{\376\377\000B\000l\000o\000c\000k\000-\000B\000a\000c\000k\000b\000o\000n\000e\000\040\000C\000o\000m\000p\000i\000l\000e\000r\000:\000\040\000R\000e\000t\000a\000i\000n\000e\000d\000\040\000A\000b\000l\000a\000t\000i\000o\000n}{}% 38
\BOOKMARK [1][-]{appendix.E}{\376\377\000I\000n\000f\000o\000r\000m\000a\000t\000i\000o\000n\000\040\000S\000e\000p\000a\000r\000a\000t\000i\000o\000n\000s}{}% 39
\BOOKMARK [2][-]{subsection.E.1}{\376\377\000M\000a\000r\000g\000i\000n\000a\000l\000s\000\040\000d\000o\000\040\000n\000o\000t\000\040\000d\000e\000t\000e\000r\000m\000i\000n\000e\000\040\000a\000\040\000c\000o\000-\000i\000n\000v\000a\000l\000i\000d\000a\000t\000i\000o\000n\000\040\000o\000p\000t\000i\000m\000u\000m}{appendix.E}% 40
\BOOKMARK [2][-]{subsection.E.2}{\376\377\000J\000o\000i\000n\000t\000\040\000i\000n\000v\000a\000l\000i\000d\000a\000t\000i\000o\000n\000\040\000d\000o\000e\000s\000\040\000n\000o\000t\000\040\000d\000e\000t\000e\000r\000m\000i\000n\000e\000\040\000p\000r\000o\000g\000r\000e\000s\000s\000i\000v\000e\000\040\000l\000a\000y\000o\000u\000t}{appendix.E}% 41
\BOOKMARK [1][-]{appendix.F}{\376\377\000E\000x\000a\000c\000t\000\040\000C\000o\000n\000d\000i\000t\000i\000o\000n\000a\000l\000\040\000T\000r\000e\000e\000\040\000S\000y\000n\000t\000h\000e\000s\000i\000s\000:\000\040\000R\000e\000f\000e\000r\000e\000n\000c\000e\000\040\000D\000y\000n\000a\000m\000i\000c\000\040\000P\000r\000o\000g\000r\000a\000m}{}% 42
\BOOKMARK [1][-]{appendix.G}{\376\377\000C\000o\000s\000t\000,\000\040\000S\000t\000a\000t\000i\000s\000t\000i\000c\000a\000l\000,\000\040\000a\000n\000d\000\040\000O\000n\000l\000i\000n\000e\000\040\000P\000r\000o\000o\000f\000\040\000D\000e\000t\000a\000i\000l\000s}{}% 43
\BOOKMARK [2][-]{subsection.G.1}{\376\377\000F\000u\000l\000l\000-\000r\000e\000f\000r\000e\000s\000h\000\040\000l\000o\000w\000e\000r\000\040\000b\000o\000u\000n\000d\000\040\000a\000n\000d\000\040\000g\000l\000o\000b\000a\000l\000\040\000n\000e\000g\000a\000t\000i\000v\000e\000\040\000c\000o\000n\000t\000r\000o\000l}{appendix.G}% 44
\BOOKMARK [2][-]{subsection.G.2}{\376\377\000U\000n\000i\000f\000o\000r\000m\000\040\000s\000t\000a\000t\000i\000s\000t\000i\000c\000a\000l\000\040\000c\000o\000n\000t\000r\000o\000l\000\040\000a\000t\000\040\000a\000\040\000f\000i\000x\000e\000d\000\040\000o\000r\000d\000e\000r}{appendix.G}% 45
\BOOKMARK [2][-]{subsection.G.3}{\376\377\000M\000a\000x\000i\000m\000a\000l\000\040\000c\000o\000u\000p\000l\000i\000n\000g\000\040\000a\000n\000d\000\040\000h\000o\000r\000i\000z\000o\000n\000\040\000d\000e\000p\000e\000n\000d\000e\000n\000c\000e}{appendix.G}% 46
\BOOKMARK [1][-]{appendix.H}{\376\377\000E\000v\000i\000d\000e\000n\000c\000e\000-\000t\000o\000-\000C\000l\000a\000i\000m\000\040\000R\000e\000g\000i\000s\000t\000e\000r}{}% 47
\BOOKMARK [1][-]{appendix.I}{\376\377\000R\000e\000t\000i\000r\000e\000m\000e\000n\000t\000-\000S\000t\000u\000d\000y\000\040\000P\000r\000o\000t\000o\000c\000o\000l\000\040\000D\000e\000v\000i\000a\000t\000i\000o\000n\000s\000\040\000a\000n\000d\000\040\000E\000n\000g\000i\000n\000e\000\040\000H\000i\000s\000t\000o\000r\000y}{}% 48
\BOOKMARK [1][-]{appendix.J}{\376\377\000G\000e\000n\000e\000r\000a\000t\000i\000o\000n\000-\000v\0001\000\040\000R\000e\000c\000o\000r\000d\000\040\000\050\000C\000o\000m\000p\000l\000e\000t\000e\000\051}{}% 49
